
=== Round 1: 100 m bins, 26,000-29,000 m ===
  r1_100m bin 1/30: 26000-26100 m
  r1_100m bin 2/30: 26100-26200 m
  r1_100m bin 3/30: 26200-26300 m
  r1_100m bin 4/30: 26300-26400 m
  r1_100m bin 5/30: 26400-26500 m
  r1_100m bin 6/30: 26500-26600 m
  r1_100m bin 7/30: 26600-26700 m
  r1_100m bin 8/30: 26700-26800 m
  r1_100m bin 9/30: 26800-26900 m
  r1_100m bin 10/30: 26900-27000 m
  r1_100m bin 11/30: 27000-27100 m
  r1_100m bin 12/30: 27100-27200 m
  r1_100m bin 13/30: 27200-27300 m
  r1_100m bin 14/30: 27300-27400 m
  r1_100m bin 15/30: 27400-27500 m
  r1_100m bin 16/30: 27500-27600 m
  r1_100m bin 17/30: 27600-27700 m
  r1_100m bin 18/30: 27700-27800 m
  r1_100m bin 19/30: 27800-27900 m
  r1_100m bin 20/30: 27900-28000 m
  r1_100m bin 21/30: 28000-28100 m
  r1_100m bin 22/30: 28100-28200 m
  r1_100m bin 23/30: 28200-28300 m
  r1_100m bin 24/30: 28300-28400 m
  r1_100m bin 25/30: 28400-28500 m
  r1_100m bin 26/30: 28500-28600 m
  r1_100m bin 27/30: 28600-28700 m
  r1_100m bin 28/30: 28700-28800 m
  r1_100m bin 29/30: 28800-28900 m
  r1_100m bin 30/30: 28900-29000 m

Top 8 bins of 100 m:
             bin     n  pct
 26700 - 26800 m 10554 10.5
 27500 - 27600 m  7962  7.9
 26800 - 26900 m  7432  7.4
 28000 - 28100 m  6472  6.4
 28700 - 28800 m  5669  5.6
 27200 - 27300 m  5418  5.4
 27900 - 28000 m  5056  5.0
 27000 - 27100 m  4878  4.8

Total in 26-29 km scan: 100961
Largest 100 m bin holds 10.5% of the spike

=== Round 2: 10 m bins, 26700-26800 m ===
  r2_10m bin 1/10: 26700-26710 m
  r2_10m bin 2/10: 26710-26720 m
  r2_10m bin 3/10: 26720-26730 m
  r2_10m bin 4/10: 26730-26740 m
  r2_10m bin 5/10: 26740-26750 m
  r2_10m bin 6/10: 26750-26760 m
  r2_10m bin 7/10: 26760-26770 m
  r2_10m bin 8/10: 26770-26780 m
  r2_10m bin 9/10: 26780-26790 m
  r2_10m bin 10/10: 26790-26800 m

Top 5 bins of 10 m (pct of the whole 26-29 km spike):
             bin    n pct
 26740 - 26750 m 4614 4.6
 26770 - 26780 m 3488 3.5
 26710 - 26720 m 2443 2.4
 26780 - 26790 m    4 0.0
 26790 - 26800 m    3 0.0

>>> Largest 10 m bin: 26740-26750 m, 4614 records, 4.6% of the spike
>>> SPREAD -- coarse georeferencing; design dies, go to TabPFN route
