Resolving 28 taxon keys...
     key                     name    rank         class
 1340361       Bombus hyperboreus SPECIES       Insecta
 1340503        Bombus terrestris SPECIES       Insecta
 1536449     Episyrphus balteatus SPECIES       Insecta
 1898286         Vanessa atalanta SPECIES       Insecta
 1920506         Pieris brassicae SPECIES       Insecta
 2430567         Pelobates fuscus SPECIES      Amphibia
 2431885       Triturus cristatus SPECIES      Amphibia
 2433433             Ursus arctos SPECIES      Mammalia
 2434779        Monachus monachus SPECIES      Mammalia
 2435240                Lynx lynx SPECIES      Mammalia
 2435261            Lynx pardinus SPECIES      Mammalia
 2437394  Callosciurus erythraeus SPECIES      Mammalia
 2441454         Testudo hermanni SPECIES    Testudines
 2473958            Perdix perdix SPECIES          Aves
 2491534      Emberiza citrinella SPECIES          Aves
 2891770   Impatiens glandulifera SPECIES Magnoliopsida
 3034825 Heracleum mantegazzianum SPECIES Magnoliopsida
 4408498                Crex crex SPECIES          Aves
 5218786            Procyon lotor SPECIES      Mammalia
 5219073                Gulo gulo SPECIES      Mammalia
 5219173              Canis lupus SPECIES      Mammalia
 5219219             Canis aureus SPECIES      Mammalia
 5844449          Aquila fasciata SPECIES          Aves
 8002952  Ambrosia artemisiifolia SPECIES Magnoliopsida
 8077224          Alauda arvensis SPECIES          Aves
 8894817          Caretta caretta SPECIES    Testudines
 8909809         Emys orbicularis SPECIES    Testudines
 9809229         Sturnus vulgaris SPECIES          Aves
  [ 1/28] Bombus hyperboreus (1340361)
  [ 2/28] Bombus terrestris (1340503)
  [ 3/28] Episyrphus balteatus (1536449)
  [ 4/28] Vanessa atalanta (1898286)
  [ 5/28] Pieris brassicae (1920506)
  [ 6/28] Pelobates fuscus (2430567)
  [ 7/28] Triturus cristatus (2431885)
  [ 8/28] Ursus arctos (2433433)
  [ 9/28] Monachus monachus (2434779)
  [10/28] Lynx lynx (2435240)
  [11/28] Lynx pardinus (2435261)
    GBIF unavailable [le5000 2435261] 1/7 -- 2s
  [12/28] Callosciurus erythraeus (2437394)
  [13/28] Testudo hermanni (2441454)
  [14/28] Perdix perdix (2473958)
  [15/28] Emberiza citrinella (2491534)
    GBIF unavailable [le1000 2491534] 1/7 -- 2s
  [16/28] Impatiens glandulifera (2891770)
  [17/28] Heracleum mantegazzianum (3034825)
  [18/28] Crex crex (4408498)
  [19/28] Procyon lotor (5218786)
  [20/28] Gulo gulo (5219073)
  [21/28] Canis lupus (5219173)
    GBIF unavailable [le10000 5219173] 1/7 -- 2s
    GBIF unavailable [le10000 5219173] 2/7 -- 4s
    GBIF unavailable [le10000 5219173] 3/7 -- 8s
    GBIF unavailable [le10000 5219173] 4/7 -- 16s
    GBIF unavailable [le10000 5219173] 5/7 -- 32s
    GBIF unavailable [le10000 5219173] 6/7 -- 64s
    GBIF unavailable [le10000 5219173] 7/7 -- 90s
Error in retry(function() do.call(occ_search, c(list(taxonKey = key, continent = "EUROPE",  : 
  GBIF unreachable: le10000 5219173
Calls: n_for -> retry
Execution halted
Resolving 28 taxon keys...
     key                     name    rank         class
 1340361       Bombus hyperboreus SPECIES       Insecta
 1340503        Bombus terrestris SPECIES       Insecta
 1536449     Episyrphus balteatus SPECIES       Insecta
 1898286         Vanessa atalanta SPECIES       Insecta
 1920506         Pieris brassicae SPECIES       Insecta
 2430567         Pelobates fuscus SPECIES      Amphibia
 2431885       Triturus cristatus SPECIES      Amphibia
 2433433             Ursus arctos SPECIES      Mammalia
 2434779        Monachus monachus SPECIES      Mammalia
 2435240                Lynx lynx SPECIES      Mammalia
 2435261            Lynx pardinus SPECIES      Mammalia
 2437394  Callosciurus erythraeus SPECIES      Mammalia
 2441454         Testudo hermanni SPECIES    Testudines
 2473958            Perdix perdix SPECIES          Aves
 2491534      Emberiza citrinella SPECIES          Aves
 2891770   Impatiens glandulifera SPECIES Magnoliopsida
 3034825 Heracleum mantegazzianum SPECIES Magnoliopsida
 4408498                Crex crex SPECIES          Aves
 5218786            Procyon lotor SPECIES      Mammalia
 5219073                Gulo gulo SPECIES      Mammalia
 5219173              Canis lupus SPECIES      Mammalia
 5219219             Canis aureus SPECIES      Mammalia
 5844449          Aquila fasciata SPECIES          Aves
 8002952  Ambrosia artemisiifolia SPECIES Magnoliopsida
 8077224          Alauda arvensis SPECIES          Aves
 8894817          Caretta caretta SPECIES    Testudines
 8909809         Emys orbicularis SPECIES    Testudines
 9809229         Sturnus vulgaris SPECIES          Aves
  [21/28] Canis lupus (5219173)
  [22/28] Canis aureus (5219219)
  [23/28] Aquila fasciata (5844449)
  [24/28] Ambrosia artemisiifolia (8002952)
  [25/28] Alauda arvensis (8077224)
  [26/28] Caretta caretta (8894817)
  [27/28] Emys orbicularis (8909809)
  [28/28] Sturnus vulgaris (9809229)

=== Quality profile of BioAnalyst's 28 training species (Europe) ===
                     name       n reported u1km u5km u10km
   Impatiens glandulifera  699413     88.0 70.0 85.7  87.7
  Callosciurus erythraeus    1018     94.0 66.6 91.9  93.4
       Bombus hyperboreus     617     95.3 63.9 75.2  94.3
 Heracleum mantegazzianum  237325     91.5 60.2 88.9  91.4
             Canis aureus    2588     73.8 55.3 63.3  63.9
         Pelobates fuscus   23665     85.6 53.0 76.2  76.6
       Triturus cristatus  201303     94.1 51.0 80.2  92.4
            Procyon lotor   46022     86.8 50.5 85.4  86.1
     Episyrphus balteatus  374847     82.7 48.9 79.7  81.9
        Bombus terrestris  584954     84.3 47.6 82.5  84.1
      Emberiza citrinella 3329611     77.8 44.2 70.5  76.2
                Crex crex  255493     87.7 43.4 57.2  87.2
         Testudo hermanni   40788     89.7 41.1 54.9  74.2
        Monachus monachus     242     91.3 37.6 39.7  40.5
  Ambrosia artemisiifolia  128139     63.8 35.6 61.3  63.5
         Pieris brassicae 2572136     96.9 34.6 95.0  96.8
          Alauda arvensis 3338006     68.6 34.3 64.4  67.8
            Lynx pardinus    1814     66.0 33.7 42.9  46.6
         Sturnus vulgaris 6597487     62.8 32.8 59.4  62.3
         Emys orbicularis   56876     86.4 30.8 52.5  71.2
          Caretta caretta   10151     57.2 29.4 32.3  42.4
         Vanessa atalanta 3013105     94.6 27.5 91.8  94.4
            Perdix perdix  579216     82.2 24.4 73.8  77.5
              Canis lupus  111684     81.5 18.5 59.2  74.7
          Aquila fasciata   66263     50.4 12.9 18.9  24.0
             Ursus arctos   39122     30.9  8.9 16.5  25.9
                Lynx lynx   95403     55.4  1.2 45.5  53.6
                Gulo gulo   29974      4.8  0.5  0.5   1.3

Species with >= 5,000 European records: 23 / 28

Grouping at each threshold (eligible species only):
  threshold  1000 m:  low(<60%) = 21   high(>85%) =  0   spread = 69.5 pts
  threshold  5000 m:  low(<60%) = 10   high(>85%) =  5   spread = 94.5 pts
  threshold 10000 m:  low(<60%) =  5   high(>85%) =  7   spread = 95.5 pts

>>> KILL CRITERION TRIGGERED at every threshold.
>>> The 28 species do not separate on data quality. There is nothing to
>>> condition on. Record this and stop; do not loosen the thresholds.

Saved results/c12_bfm_species_quality.rds
